

all inon

i fixed the bug!
doing some job



but a new bug need to fix?
